<div>This html should not be changed</div>
<p><img class="image-left captioned" start="fileopen" height="144" alt="Duncan's picture" loop="1" src="resolveuid/notauid" width="120"/></p>
