<div>Simple text containing an embedded image</div>
<div class="image-left captioned">
 <div style="width:120">
  <a href="xyzzy" class="link"><img height="144" alt="picture alt text" src="resolveuid/104ede98d4c7c8eaeaa3b984f7395979" width="120"/></a>
 </div>
 <div class="image-caption" style="width:120px;">
  Test image caption
 </div>
</div>
