<div>Simple text containing an embedded image</div>
<p><img class=image-left height="144" alt="picture alt text" src="resolveuid/104ede98d4c7c8eaeaa3b984f7395979" width="120"/></p>
